 
****************************************
Report : cell
Design : mini_mips_test_design
Version: O-2018.06-SP1
Date   : Tue Apr 15 13:25:52 2025
****************************************

Attributes:
    b - black box (unknown)
    h - hierarchical
    n - noncombinational
    r - removable
    u - contains unmapped logic

Cell                      Reference       Library             Area  Attributes
--------------------------------------------------------------------------------
U3                        INVX1           osu05_stdcells  144.000000
U4                        AOI21X1         osu05_stdcells  288.000000
cont                      controller                      24939.000000
                                                                    h, n
dp                        datapath_test_design            343692.000000
                                                                    h, n
--------------------------------------------------------------------------------
Total 4 cells                                             369063.000000
1
