Loading db file '/apps/design_kits/osu_stdcells_v2p7/synopsys/lib/ami05/osu05_stdcells.db'
Information: Propagating switching activity (low effort zero delay simulation). (PWR-6)
Warning: Design has unannotated primary inputs. (PWR-414)
Warning: Design has unannotated sequential cell outputs. (PWR-415)
 
****************************************
Report : power
        -analysis_effort low
Design : mini_mips_test_design
Version: O-2018.06-SP1
Date   : Wed Apr 16 20:59:48 2025
****************************************


Library(s) Used:

    osu05_stdcells (File: /apps/design_kits/osu_stdcells_v2p7/synopsys/lib/ami05/osu05_stdcells.db)


Operating Conditions: typical   Library: osu05_stdcells
Wire Load Model Mode: top


Global Operating Voltage = 5    
Power-specific unit information :
    Voltage Units = 1V
    Capacitance Units = 1.000000pf
    Time Units = 1ns
    Dynamic Power Units = 1mW    (derived from V,C,T units)
    Leakage Power Units = 1nW


  Cell Internal Power  = 816.9339 uW   (66%)
  Net Switching Power  = 426.8399 uW   (34%)
                         ---------
Total Dynamic Power    =   1.2438 mW  (100%)

Cell Leakage Power     = 110.9011 nW

Information: report_power power group summary does not include estimated clock tree power. (PWR-789)

                 Internal         Switching           Leakage            Total
Power Group      Power            Power               Power              Power   (   %    )  Attrs
--------------------------------------------------------------------------------------------------
io_pad             0.0000            0.0000            0.0000            0.0000  (   0.00%)
memory             0.0000            0.0000            0.0000            0.0000  (   0.00%)
black_box          0.0000            0.0000            0.0000            0.0000  (   0.00%)
clock_network      0.0000            0.0000            0.0000            0.0000  (   0.00%)
register           0.0000            0.0000            0.0000            0.0000  (   0.00%)
sequential         0.6404        1.5872e-02           58.4645            0.6564  (  52.77%)
combinational      0.1765            0.4110           52.4365            0.5875  (  47.23%)
--------------------------------------------------------------------------------------------------
Total              0.8169 mW         0.4268 mW       110.9011 nW         1.2439 mW
1
