 
****************************************
Report : net
Design : mini_mips_test_design
Version: O-2018.06-SP1
Date   : Tue Apr 15 13:25:52 2025
****************************************


Operating Conditions: typical   Library: osu05_stdcells
Wire Load Model Mode: top


Net
 Fanout    Fanin     Load      LoadUR    LoadUF    LoadLR    LoadLF    Resist    Pins      Attr
-----------------------------------------------------------------------------------------------
adr[0]
      1         1        0.00      0.00      0.00      0.00      0.00      0.00       2    
adr[1]
      1         1        0.00      0.00      0.00      0.00      0.00      0.00       2    
adr[2]
      1         1        0.00      0.00      0.00      0.00      0.00      0.00       2    
adr[3]
      1         1        0.00      0.00      0.00      0.00      0.00      0.00       2    
adr[4]
      1         1        0.00      0.00      0.00      0.00      0.00      0.00       2    
adr[5]
      1         1        0.00      0.00      0.00      0.00      0.00      0.00       2    
adr[6]
      1         1        0.00      0.00      0.00      0.00      0.00      0.00       2    
adr[7]
      1         1        0.00      0.00      0.00      0.00      0.00      0.00       2    
alucont[0]
      3         1        0.07      0.07      0.07      0.07      0.07      0.00       4    
alucont[1]
     10         1        0.30      0.29      0.30      0.29      0.30      0.00      11    
alucont[2]
      9         1        0.59      0.59      0.59      0.59      0.59      0.00      10    
alusrca
      8         1        0.29      0.29      0.29      0.29      0.29      0.00       9    
alusrcb[0]
      3         1        0.06      0.06      0.06      0.06      0.06      0.00       4    
alusrcb[1]
      5         1        0.12      0.12      0.12      0.12      0.12      0.00       6    
clk
      7         1        0.12      0.12      0.12      0.12      0.12      0.00       8    
funct[0]
      5         1        0.16      0.16      0.16      0.16      0.16      0.00       6    
funct[1]
      5         1        0.16      0.16      0.16      0.16      0.16      0.00       6    
funct[2]
      5         1        0.16      0.16      0.16      0.16      0.16      0.00       6    
funct[3]
      6         1        0.19      0.19      0.19      0.19      0.19      0.00       7    
funct[4]
      4         1        0.13      0.13      0.13      0.13      0.13      0.00       5    
funct[5]
      4         1        0.13      0.13      0.13      0.13      0.13      0.00       5    
iord
      8         1        0.29      0.29      0.29      0.29      0.29      0.00       9    
irwrite[0]
      8         1        0.29      0.29      0.29      0.29      0.29      0.00       9    
irwrite[1]
      6         1        0.21      0.21      0.21      0.21      0.21      0.00       7    
irwrite[2]
      9         1        0.32      0.32      0.32      0.32      0.32      0.00      10    
irwrite[3]
     10         1        0.35      0.35      0.35      0.35      0.35      0.00      11    
memdata[0]
      4         1        0.12      0.12      0.12      0.12      0.12      0.00       5    
memdata[1]
      4         1        0.12      0.12      0.12      0.12      0.12      0.00       5    
memdata[2]
      4         1        0.12      0.12      0.12      0.12      0.12      0.00       5    
memdata[3]
      5         1        0.15      0.15      0.15      0.15      0.15      0.00       6    
memdata[4]
      5         1        0.15      0.15      0.15      0.15      0.15      0.00       6    
memdata[5]
      5         1        0.15      0.15      0.15      0.15      0.15      0.00       6    
memdata[6]
      5         1        0.15      0.15      0.15      0.15      0.15      0.00       6    
memdata[7]
      5         1        0.15      0.15      0.15      0.15      0.15      0.00       6    
memtoreg
      8         1        0.29      0.29      0.29      0.29      0.29      0.00       9    
memwrite
      1         1        0.00      0.00      0.00      0.00      0.00      0.00       2    
n1
      1         1        0.02      0.02      0.02      0.02      0.02      0.00       2    
n3
      1         1        0.02      0.02      0.02      0.02      0.02      0.00       2    
op[0]
      2         1        0.06      0.06      0.06      0.06      0.06      0.00       3    
op[1]
      4         1        0.11      0.11      0.11      0.11      0.11      0.00       5    
op[2]
      2         1        0.06      0.06      0.06      0.06      0.06      0.00       3    
op[3]
      5         1        0.14      0.14      0.14      0.14      0.14      0.00       6    
op[4]
      2         1        0.06      0.06      0.06      0.06      0.06      0.00       3    
op[5]
      5         1        0.13      0.13      0.13      0.13      0.13      0.00       6    
pcsource[0]
      4         1        0.10      0.10      0.10      0.10      0.10      0.00       5    
pcsource[1]
      3         1        0.07      0.07      0.07      0.07      0.07      0.00       4    
pcwrite
      1         1        0.03      0.03      0.03      0.03      0.03      0.00       2    
regdst
      5         1        0.18      0.18      0.18      0.18      0.18      0.00       6    
regwrite
      1         1        0.02      0.02      0.02      0.02      0.02      0.00       2    
reset
      8         1        0.27      0.27      0.27      0.27      0.27      0.00       9    
writedata[0]
      2         1        0.03      0.03      0.03      0.03      0.03      0.00       3    
writedata[1]
      2         1        0.03      0.03      0.03      0.03      0.03      0.00       3    
writedata[2]
      2         1        0.03      0.03      0.03      0.03      0.03      0.00       3    
writedata[3]
      2         1        0.03      0.03      0.03      0.03      0.03      0.00       3    
writedata[4]
      2         1        0.03      0.03      0.03      0.03      0.03      0.00       3    
writedata[5]
      2         1        0.03      0.03      0.03      0.03      0.03      0.00       3    
writedata[6]
      2         1        0.03      0.03      0.03      0.03      0.03      0.00       3    
writedata[7]
      2         1        0.03      0.03      0.03      0.03      0.03      0.00       3    
zero
      1         1        0.03      0.03      0.03      0.03      0.03      0.00       2    
-----------------------------------------------------------------------------------------------
Total 59 nets
    230        59        6.88      6.86      6.87      6.86      6.87      0.00     289
Maximum
     10         1        0.59      0.59      0.59      0.59      0.59      0.00      11
Average
   3.90      1.00        0.12      0.12      0.12      0.12      0.12      0.00    4.90
1
