Loading db file '/apps/design_kits/osu_stdcells_v2p7/synopsys/lib/ami05/osu05_stdcells.db'
Information: Propagating switching activity (low effort zero delay simulation). (PWR-6)
Warning: There is no defined clock in the design. (PWR-80)
Warning: Design has unannotated primary inputs. (PWR-414)
Warning: Design has unannotated sequential cell outputs. (PWR-415)
 
****************************************
Report : power
        -analysis_effort low
Design : mini_mips_full_design
Version: O-2018.06-SP1
Date   : Tue Apr 15 13:25:16 2025
****************************************


Library(s) Used:

    osu05_stdcells (File: /apps/design_kits/osu_stdcells_v2p7/synopsys/lib/ami05/osu05_stdcells.db)


Operating Conditions: typical   Library: osu05_stdcells
Wire Load Model Mode: top


Global Operating Voltage = 5    
Power-specific unit information :
    Voltage Units = 1V
    Capacitance Units = 1.000000pf
    Time Units = 1ns
    Dynamic Power Units = 1mW    (derived from V,C,T units)
    Leakage Power Units = 1nW


  Cell Internal Power  = 336.0621 mW   (64%)
  Net Switching Power  = 191.6509 mW   (36%)
                         ---------
Total Dynamic Power    = 527.7130 mW  (100%)

Cell Leakage Power     =   1.8110 uW

Information: report_power power group summary does not include estimated clock tree power. (PWR-789)

                 Internal         Switching           Leakage            Total
Power Group      Power            Power               Power              Power   (   %    )  Attrs
--------------------------------------------------------------------------------------------------
io_pad             0.0000            0.0000            0.0000            0.0000  (   0.00%)
memory             0.0000            0.0000            0.0000            0.0000  (   0.00%)
black_box          0.0000            0.0000            0.0000            0.0000  (   0.00%)
clock_network      0.0000            0.0000            0.0000            0.0000  (   0.00%)
register           0.0000            0.0000            0.0000            0.0000  (   0.00%)
sequential       279.6528            0.2470        1.1543e+03          279.9009  (  53.04%)
combinational     56.4135          191.4081          656.6993          247.8166  (  46.96%)
--------------------------------------------------------------------------------------------------
Total            336.0663 mW       191.6551 mW     1.8110e+03 nW       527.7175 mW
1
