 
****************************************
Report : hierarchy
Design : mini_mips
Version: O-2018.06-SP1
Date   : Mon Apr 14 12:23:08 2025
****************************************

mini_mips
    AOI21X1                        osu05_stdcells
    INVX2                          osu05_stdcells
    controller
        AOI21X1                    osu05_stdcells
        AOI22X1                    osu05_stdcells
        DFFSR                      osu05_stdcells
        INVX2                      osu05_stdcells
        NAND2X1                    osu05_stdcells
        NAND3X1                    osu05_stdcells
        NOR2X1                     osu05_stdcells
        OAI21X1                    osu05_stdcells
        OR2X1                      osu05_stdcells
        alucontrol
            INVX2                  osu05_stdcells
            NAND2X1                osu05_stdcells
            NAND3X1                osu05_stdcells
            NOR2X1                 osu05_stdcells
            OAI21X1                osu05_stdcells
    datapath
        BUFX2                      osu05_stdcells
        DFFPOSX1                   osu05_stdcells
        INVX2                      osu05_stdcells
        NAND2X1                    osu05_stdcells
        OAI21X1                    osu05_stdcells
        alu
            AND2X2                 osu05_stdcells
            AOI22X1                osu05_stdcells
            INVX2                  osu05_stdcells
            NAND2X1                osu05_stdcells
            NAND3X1                osu05_stdcells
            NOR2X1                 osu05_stdcells
            OAI21X1                osu05_stdcells
            XOR2X1                 osu05_stdcells
            alu_DW01_add_0
                FAX1               osu05_stdcells
        flop_0
            DFFPOSX1               osu05_stdcells
            INVX2                  osu05_stdcells
        flop_1
            DFFPOSX1               osu05_stdcells
        flop_2
            DFFPOSX1               osu05_stdcells
            INVX2                  osu05_stdcells
        flop_3
            DFFPOSX1               osu05_stdcells
            INVX2                  osu05_stdcells
        flop_en
            AOI22X1                osu05_stdcells
            DFFPOSX1               osu05_stdcells
            INVX2                  osu05_stdcells
        mem
            AND2X1                 osu05_stdcells
            AND2X2                 osu05_stdcells
            AOI22X1                osu05_stdcells
            BUFX2                  osu05_stdcells
            DFFPOSX1               osu05_stdcells
            INVX2                  osu05_stdcells
            NAND2X1                osu05_stdcells
            NAND3X1                osu05_stdcells
            NOR2X1                 osu05_stdcells
            OAI21X1                osu05_stdcells
            OAI22X1                osu05_stdcells
        mux2_0
            AOI22X1                osu05_stdcells
            INVX2                  osu05_stdcells
        mux2_1
            AOI22X1                osu05_stdcells
            INVX2                  osu05_stdcells
        mux2_2
            AOI22X1                osu05_stdcells
            INVX2                  osu05_stdcells
        mux2_DATA_WIDTH5
            AOI22X1                osu05_stdcells
            INVX2                  osu05_stdcells
        mux3
            AOI22X1                osu05_stdcells
            INVX2                  osu05_stdcells
            LATCH                  osu05_stdcells
            NAND2X1                osu05_stdcells
            NOR2X1                 osu05_stdcells
            OAI21X1                osu05_stdcells
        mux4
            AND2X2                 osu05_stdcells
            AOI22X1                osu05_stdcells
            INVX2                  osu05_stdcells
            NAND2X1                osu05_stdcells
            NOR2X1                 osu05_stdcells
        register_file
            AND2X2                 osu05_stdcells
            AOI21X1                osu05_stdcells
            AOI22X1                osu05_stdcells
            BUFX2                  osu05_stdcells
            DFFPOSX1               osu05_stdcells
            INVX2                  osu05_stdcells
            NAND2X1                osu05_stdcells
            NAND3X1                osu05_stdcells
            NOR2X1                 osu05_stdcells
            OAI21X1                osu05_stdcells
            OR2X1                  osu05_stdcells
1
