 
****************************************
Report : cell
Design : mini_mips
Version: O-2018.06-SP1
Date   : Mon Apr 14 12:23:08 2025
****************************************

Attributes:
    b - black box (unknown)
    h - hierarchical
    n - noncombinational
    r - removable
    u - contains unmapped logic

Cell                      Reference       Library             Area  Attributes
--------------------------------------------------------------------------------
U1                        INVX2           osu05_stdcells  144.000000
U2                        AOI21X1         osu05_stdcells  288.000000
U3                        INVX2           osu05_stdcells  144.000000
U4                        INVX2           osu05_stdcells  144.000000
cont                      controller                      24381.000000
                                                                    h, n
dp                        datapath                        3765231.000000
                                                                    h, n
--------------------------------------------------------------------------------
Total 6 cells                                             3790332.000000
1
