 
****************************************
Report : area
Design : mini_mips
Version: O-2018.06-SP1
Date   : Mon Apr 14 12:23:08 2025
****************************************

Library(s) Used:

    osu05_stdcells (File: /apps/design_kits/osu_stdcells_v2p7/synopsys/lib/ami05/osu05_stdcells.db)

Number of ports:                          485
Number of nets:                         10816
Number of cells:                        10362
Number of combinational cells:           8137
Number of sequential cells:              2207
Number of macros/black boxes:               0
Number of buf/inv:                        899
Number of references:                       4

Combinational area:            1892700.000000
Buf/Inv area:                   180216.000000
Noncombinational area:         1897632.000000
Macro/Black Box area:                0.000000
Net Interconnect area:      undefined  (No wire load specified)

Total cell area:               3790332.000000
Total area:                 undefined

Hierarchical area distribution
------------------------------

                                  Global cell area                Local cell area
                                  ---------------------  ---------------------------------- 
Hierarchical cell                 Absolute      Percent  Combi-        Noncombi-     Black-
                                  Total         Total    national      national      boxes   Design
--------------------------------  ------------  -------  ------------  ------------  ------  ----------------
mini_mips                         3790332.0000    100.0      720.0000        0.0000  0.0000  mini_mips
cont                                24381.0000      0.6    16587.0000     6336.0000  0.0000  controller
cont/alucontt                        1458.0000      0.0     1458.0000        0.0000  0.0000  alucontrol
dp                                3765231.0000     99.3    14427.0000    25056.0000  0.0000  datapath
dp/alu                              23625.0000      0.6    14985.0000        0.0000  0.0000  alu
dp/alu/add_1_root_add_16_2           8640.0000      0.2     8640.0000        0.0000  0.0000  alu_DW01_add_0
dp/aluout_flopp                      7200.0000      0.2      288.0000     6912.0000  0.0000  flop_0
dp/instr_data_mem                 3497688.0000     92.3  1721304.0000  1776384.0000  0.0000  mem
dp/memdata_flop                      7200.0000      0.2      288.0000     6912.0000  0.0000  flop_3
dp/mux2_a                            4176.0000      0.1     4176.0000        0.0000  0.0000  mux2_0
dp/mux2_a3                           2664.0000      0.1     2664.0000        0.0000  0.0000  mux2_DATA_WIDTH5
dp/mux2_pc                           4176.0000      0.1     4176.0000        0.0000  0.0000  mux2_2
dp/mux2_w3                           4176.0000      0.1     4176.0000        0.0000  0.0000  mux2_1
dp/mux3_pc                           6840.0000      0.2     6840.0000        0.0000  0.0000  mux3
dp/mux4_b                            8640.0000      0.2     8640.0000        0.0000  0.0000  mux4
dp/pc_flop                          11088.0000      0.3     4176.0000     6912.0000  0.0000  flop_en
dp/rdata1_flop                       7200.0000      0.2      288.0000     6912.0000  0.0000  flop_2
dp/rdata2_flop                       6912.0000      0.2        0.0000     6912.0000  0.0000  flop_1
dp/regfile                         134163.0000      3.5    78867.0000    55296.0000  0.0000  register_file
--------------------------------  ------------  -------  ------------  ------------  ------  ----------------
Total                                                    1892700.0000  1897632.0000  0.0000

1
