Loading db file '/apps/design_kits/osu_stdcells_v2p7/synopsys/lib/ami05/osu05_stdcells.db'
Information: Propagating switching activity (low effort zero delay simulation). (PWR-6)
Warning: Design has unannotated primary inputs. (PWR-414)
Warning: Design has unannotated sequential cell outputs. (PWR-415)
 
****************************************
Report : power
        -analysis_effort low
Design : mini_mips
Version: O-2018.06-SP1
Date   : Mon Apr 14 12:23:09 2025
****************************************


Library(s) Used:

    osu05_stdcells (File: /apps/design_kits/osu_stdcells_v2p7/synopsys/lib/ami05/osu05_stdcells.db)


Operating Conditions: typical   Library: osu05_stdcells
Wire Load Model Mode: top


Global Operating Voltage = 5    
Power-specific unit information :
    Voltage Units = 1V
    Capacitance Units = 1.000000pf
    Time Units = 1ns
    Dynamic Power Units = 1mW    (derived from V,C,T units)
    Leakage Power Units = 1nW


  Cell Internal Power  =  14.7667 mW   (78%)
  Net Switching Power  =   4.2860 mW   (22%)
                         ---------
Total Dynamic Power    =  19.0527 mW  (100%)

Cell Leakage Power     =   1.0834 uW

Information: report_power power group summary does not include estimated clock tree power. (PWR-789)

                 Internal         Switching           Leakage            Total
Power Group      Power            Power               Power              Power   (   %    )  Attrs
--------------------------------------------------------------------------------------------------
io_pad             0.0000            0.0000            0.0000            0.0000  (   0.00%)
memory             0.0000            0.0000            0.0000            0.0000  (   0.00%)
black_box          0.0000            0.0000            0.0000            0.0000  (   0.00%)
clock_network      0.0000            0.0000            0.0000            0.0000  (   0.00%)
register           0.0000            0.0000            0.0000            0.0000  (   0.00%)
sequential        13.4205        1.0563e-02          535.8120           13.4316  (  70.49%)
combinational      1.3465            4.2755          547.6226            5.6224  (  29.51%)
--------------------------------------------------------------------------------------------------
Total             14.7669 mW         4.2860 mW     1.0834e+03 nW        19.0540 mW
1
